<!DOCTYPE html><html lang="pt-BR" class="dark"><head><meta charSet="utf-8"/><meta name="viewport" content="width=device-width, initial-scale=1"/><link rel="stylesheet" href="/assets/styles-CYndXTBg.css" data-precedence="default"/><title>Entrar ÔÇö Barbearia Status</title><meta name="theme-color" content="#0e0a05"/><meta property="og:title" content="Barbearia Status ÔÇö Gest├úo"/><meta name="twitter:title" content="Barbearia Status ÔÇö Gest├úo"/><meta property="og:description" content="Sistema de gest├úo da Barbearia Status: agenda, clientes, caixa, comandas, estoque e relat├│rios."/><meta name="twitter:description" content="Sistema de gest├úo da Barbearia Status: agenda, clientes, caixa, comandas, estoque e relat├│rios."/><meta name="twitter:card" content="summary_large_image"/><meta property="og:type" content="website"/><meta name="description" content="Acesse o painel da Barbearia Status."/><link rel="modulepreload" href="/assets/index-D1bd0fkI.js"/><link rel="modulepreload" href="/assets/login-B2xkR_Sc.js"/><link rel="modulepreload" href="/assets/label-CDG6BQqq.js"/></head><body><div class="flex min-h-screen items-center justify-center"><div class="text-muted-foreground text-sm font-display">CarregandoÔÇª</div></div><section aria-label="Notifications alt+T" tabindex="-1" aria-live="polite" aria-relevant="additions text" aria-atomic="false"></section><script class="$tsr" id="$tsr-stream-barrier">(self.$R=self.$R||{})["tsr"]=[];self.$_TSR={h(){this.hydrated=!0,this.c()},e(){this.streamEnded=!0,this.c()},c(){this.hydrated&&this.streamEnded&&(delete self.$_TSR,delete self.$R.tsr)},p(e){this.initialized?e():this.buffer.push(e)},buffer:[]};$_TSR.router=($R=>$R[0]={manifest:$R[1]={routes:$R[2]={__root__:$R[3]={preloads:$R[4]=["/assets/index-D1bd0fkI.js"],scripts:$R[5]=[$R[6]={attrs:$R[7]={type:"module",async:!0,src:"/assets/index-D1bd0fkI.js"}}]},"/login":$R[8]={preloads:$R[9]=["/assets/login-B2xkR_Sc.js","/assets/label-CDG6BQqq.js"]}}},matches:$R[10]=[$R[11]={i:"__root__ ",u:1781289009634,s:"success",ssr:!0},$R[12]={i:" login login",u:1781289009650,s:"success",ssr:!0}],lastMatchId:" login login"})($R["tsr"]);$_TSR.e();document.currentScript.remove()</script><script type="module" async="" src="/assets/index-D1bd0fkI.js"></script></body></html>
